Starting a Gradle Daemon (subsequent builds will be faster)
> Task :app:checkKotlinGradlePluginConfigurationErrors SKIPPED
> Task :app:preBuild UP-TO-DATE
> Task :app:preDebugBuild UP-TO-DATE
> Task :app:checkDebugAarMetadata UP-TO-DATE
> Task :app:processDebugNavigationResources UP-TO-DATE
> Task :app:compileDebugNavigationResources UP-TO-DATE
> Task :app:generateDebugResValues UP-TO-DATE
> Task :app:mapDebugSourceSetPaths UP-TO-DATE
> Task :app:generateDebugResources UP-TO-DATE
> Task :app:mergeDebugResources UP-TO-DATE
> Task :app:packageDebugResources UP-TO-DATE
> Task :app:parseDebugLocalResources UP-TO-DATE
> Task :app:createDebugCompatibleScreenManifests UP-TO-DATE
> Task :app:extractDeepLinksDebug UP-TO-DATE
> Task :app:processDebugMainManifest UP-TO-DATE
> Task :app:processDebugManifest UP-TO-DATE
> Task :app:processDebugManifestForPackage UP-TO-DATE
> Task :app:processDebugResources UP-TO-DATE

> Task :app:kaptGenerateStubsDebugKotlin
w: Kapt currently doesn't support language version 2.0+. Falling back to 1.9.

> Task :app:kaptDebugKotlin
G:\FarsiPlex\app\build\tmp\kapt3\stubs\debug\com\example\farsilandtv\data\database\ContentDatabase.java:59: warning: Schema export directory was not provided to the annotation processor so Room cannot export the schema. You can either provide `room.schemaLocation` annotation processor argument by applying the Room Gradle plugin (id 'androidx.room') OR set exportSchema to false.
public abstract class ContentDatabase extends androidx.room.RoomDatabase {
                ^

> Task :app:compileDebugKotlin
e: file:///G:/FarsiPlex/app/src/main/java/com/example/farsilandtv/data/repository/ContentRepository.kt:1021:52 Unresolved reference 'SqlSanitizer'.
e: file:///G:/FarsiPlex/app/src/main/java/com/example/farsilandtv/data/repository/ContentRepository.kt:1025:42 Not enough information to infer type argument for 'T'.
e: file:///G:/FarsiPlex/app/src/main/java/com/example/farsilandtv/data/repository/ContentRepository.kt:1026:42 Not enough information to infer type argument for 'T'.
e: file:///G:/FarsiPlex/app/src/main/java/com/example/farsilandtv/data/repository/ContentRepository.kt:1027:42 Not enough information to infer type argument for 'T'.
e: file:///G:/FarsiPlex/app/src/main/java/com/example/farsilandtv/data/repository/ContentRepository.kt:1028:42 Not enough information to infer type argument for 'T'.
e: file:///G:/FarsiPlex/app/src/main/java/com/example/farsilandtv/ui/components/SkeletonScreen.kt:73:12 Unresolved reference 'Dp'.
e: file:///G:/FarsiPlex/app/src/main/java/com/example/farsilandtv/ui/components/SkeletonScreen.kt:74:13 Unresolved reference 'Dp'.
e: file:///G:/FarsiPlex/app/src/main/java/com/example/farsilandtv/ui/components/SkeletonScreen.kt:80:14 Overload resolution ambiguity between candidates:
@Stable() fun Modifier.width(intrinsicSize: IntrinsicSize): Modifier
@Stable() fun Modifier.width(width: Dp): Modifier
e: file:///G:/FarsiPlex/app/src/main/java/com/example/farsilandtv/ui/components/SkeletonScreen.kt:81:14 Overload resolution ambiguity between candidates:
@Stable() fun Modifier.height(intrinsicSize: IntrinsicSize): Modifier
@Stable() fun Modifier.height(height: Dp): Modifier
e: file:///G:/FarsiPlex/app/src/main/java/com/example/farsilandtv/utils/TvFocusOptimization.kt:74:10 Unresolved reference 'onGloballyPositioned'.

> Task :app:compileDebugKotlin FAILED

[Incubating] Problems report is available at: file:///G:/FarsiPlex/build/reports/problems/problems-report.html

FAILURE: Build failed with an exception.

* What went wrong:
Execution failed for task ':app:compileDebugKotlin'.
> A failure occurred while executing org.jetbrains.kotlin.compilerRunner.GradleCompilerRunnerWithWorkers$GradleKotlinCompilerWorkAction
   > Compilation error. See log for more details

* Try:
> Run with --stacktrace option to get the stack trace.
> Run with --info or --debug option to get more log output.
> Run with --scan to get full insights.
> Get more help at https://help.gradle.org.

Deprecated Gradle features were used in this build, making it incompatible with Gradle 9.0.

You can use '--warning-mode all' to show the individual deprecation warnings and determine if they come from your own scripts or plugins.

For more on this, please refer to https://docs.gradle.org/8.13/userguide/command_line_interface.html#sec:command_line_warnings in the Gradle documentation.

BUILD FAILED in 34s
18 actionable tasks: 3 executed, 15 up-to-date
